[INFO] Error stacktraces are turned on.
[INFO] Scanning for projects...
[INFO] 
[INFO] --------------------< com.pricepilot:pricepilot-ai >--------------------
[INFO] Building PricePilot AI 1.0.0
[INFO]   from pom.xml
[INFO] --------------------------------[ jar ]---------------------------------
[INFO] 
[INFO] --- clean:3.3.2:clean (default-clean) @ pricepilot-ai ---
[INFO] Deleting C:\Users\Lenovo\pricepilot-ai\backend\target
[INFO] 
[INFO] --- resources:3.3.1:resources (default-resources) @ pricepilot-ai ---
[INFO] Copying 2 resources from src\main\resources to target\classes
[INFO] Copying 0 resource from src\main\resources to target\classes
[INFO] 
[INFO] --- compiler:3.11.0:compile (default-compile) @ pricepilot-ai ---
[INFO] Changes detected - recompiling the module! :source
[INFO] Compiling 50 source files with javac [debug release 17] to target\classes
